// Jest Snapshot v1, https://goo.gl/fbAQLP

exports[`RightToRentPreview Tests Snapshot matches snapshot 1`] = `
<Styled(Component)>
  <Styled(Text)
    alert={false}
    italic={true}
  >
    Right to rent pending
  </Styled(Text)>
</Styled(Component)>
`;
