// Jest Snapshot v1, https://goo.gl/fbAQLP

exports[`Notification Panel component render properly - web 1`] = `
<Styled(View)
  bottommargin={5}
  color="#f16651"
  theme={
    Object {
      "colors": Object {
        "alertRed": "#f16651",
        "lightSteel": "#e3eaf2",
        "orange": "#f1bf51",
        "rentPassportErrorBg": "#fff5f5",
        "rentPassportWarningBg": "#fffcf3",
        "successGreen": "#5dc471",
        "warning": "#fffcf3",
        "white": "#ffffff",
      },
    }
  }
  topbar={false}
  topmargin={5}
>
  <Styled(View)>
    <Icon
      allowFontScaling={false}
      color="#ff0000"
      name="warning"
      size={26}
    />
    <Styled(Text)
      color="#ff0000"
      theme={
        Object {
          "colors": Object {
            "alertRed": "#f16651",
            "lightSteel": "#e3eaf2",
            "orange": "#f1bf51",
            "rentPassportErrorBg": "#fff5f5",
            "rentPassportWarningBg": "#fffcf3",
            "successGreen": "#5dc471",
            "warning": "#fffcf3",
            "white": "#ffffff",
          },
        }
      }
    >
      Notification text
    </Styled(Text)>
    <Icon
      allowFontScaling={false}
      color="#ffffff"
      name="warning"
      onClick={[Function]}
      onPress={[Function]}
      size={26}
    />
  </Styled(View)>
</Styled(View)>
`;
