// Jest Snapshot v1, https://goo.gl/fbAQLP

exports[`Property item tests PropertyItem snapshot test on - web 1`] = `
<TouchableOpacity
  activeOpacity={0.2}
  focusedOpacity={0.7}
  onPress={[Function]}
>
  <Connect(WithTheme(Styled(View)))>
    <Styled(Image)
      source={
        Object {
          "uri": "http://www.findyourcanopy.com/img124.jpeg",
        }
      }
    />
    <Styled(View)>
      <View>
        <Connect(WithTheme(Styled(Text)))>
          29 Acacia Road
        </Connect(WithTheme(Styled(Text)))>
      </View>
      <View>
        <Connect(WithTheme(Styled(Text)))>
          Beanotown
        </Connect(WithTheme(Styled(Text)))>
      </View>
      <View>
        <Connect(WithTheme(Styled(Text)))>
          BE1 1BE
        </Connect(WithTheme(Styled(Text)))>
      </View>
    </Styled(View)>
    <Connect(WithTheme(Styled(Text)))>
      Â£1234.99w
    </Connect(WithTheme(Styled(Text)))>
  </Connect(WithTheme(Styled(View)))>
</TouchableOpacity>
`;
